// Jest Snapshot v1, https://goo.gl/fbAQLP

exports[`Button renders correctly 1`] = `
<DocumentFragment>
  <button
    class="p-2 rounded-lg font-sans font-medium transition-colors border undefined bg-gray-200 hover:bg-gray-300 active:bg-gray-400 border-gray-500 undefined"
  >
    Test Button
  </button>
</DocumentFragment>
`;
